// Jest Snapshot v1, https://goo.gl/fbAQLP

exports[`Password it renders without crashing 1`] = `
<div>
  <div
    class="form-group"
  >
    <label
      class="pb-1 label"
      for="Password"
    >
      Password *
    </label>
    <div
      class="row"
    >
      <div
        class="col"
      >
         
        <div
          class="input-group pwd-input-group"
        >
          <input
            autocomplete="password"
            class="form-control input-pwd"
            data-testid="password"
            id="password"
            name="password"
            type="password"
            value=""
          />
          <div
            class="input-group-append"
          >
            <span
              class="input-group-text show-hide"
            >
              <u
                data-testid="show-hide"
              >
                SHOW
              </u>
            </span>
          </div>
        </div>
      </div>
      <div
        class="display-none"
      >
         
        <aside>
          <div>
            <img
              alt="Invalid Password Icon"
              class="validation-img"
              src="cancel_24px.png"
            />
            <span
              class="pwddesc"
            >
              8-50 characters
            </span>
          </div>
          <div>
            <img
              alt="Invalid Password Icon"
              class="validation-img"
              src="cancel_24px.png"
            />
            <span
              class="pwddesc"
            >
              At least  1 upper case letter
            </span>
          </div>
          <div>
            <img
              alt="Invalid Password Icon"
              class="validation-img"
              src="cancel_24px.png"
            />
            <span
              class="pwddesc"
            >
              At least 1 lower case letter
            </span>
          </div>
          <div>
            <img
              alt="Invalid Password Icon"
              class="validation-img"
              src="cancel_24px.png"
            />
            <span
              class="pwddesc"
            >
              At least 1 numeric character
            </span>
          </div>
        </aside>
      </div>
    </div>
     
  </div>
</div>
`;
