// Jest Snapshot v1, https://goo.gl/fbAQLP

exports[`PendingMemberTable Component Validation Tests PendingMemberTable component is rendering 1`] = `
<div>
  <table
    class="pending-members-table"
  >
    <thead>
      <tr>
        <th />
        <th>
          Email
        </th>
        <th>
          Role
        </th>
        <th>
          Status
        </th>
        <th>
          Resend Invite
        </th>
        <th>
          Actions
        </th>
      </tr>
    </thead>
    <tbody>
      <tr>
        <td>
          1
        </td>
        <td>
          abc@example.com
        </td>
        <td
          class="wwc-text-capitalize"
        >
          volunteer
        </td>
        <td
          class="wwc-text-capitalize"
        >
          invited
        </td>
        <td>
          <button
            class="invite-button"
            data-bs-toggle="modal"
            type="button"
          >
            Resend Invite
          </button>
        </td>
        <td>
          <TableBody users={props.users} target={props.target}/>
        </td>
      </tr>
    </tbody>
  </table>
</div>
`;
