// Jest Snapshot v1, https://goo.gl/fbAQLP

exports[`PendingMembers Component Validation Tests PendingMembers component is rendering 1`] = `
<div>
  <div
    class="pending-members-container"
  >
    <div
      class="d-flex justify-content-end mb-2 mb-md-5"
    >
      <button
        class="wwc-action-button"
        type="button"
      >
        + Add Member
      </button>
    </div>
    <table
      class="pending-members-table"
    >
      <thead>
        <tr>
          <th />
          <th>
            Email
          </th>
          <th>
            Role
          </th>
          <th>
            Status
          </th>
          <th>
            Resend Invite
          </th>
          <th>
            Actions
          </th>
        </tr>
      </thead>
      <tbody>
        <tr>
          <td>
            1
          </td>
          <td>
            abc@example.com
          </td>
          <td
            class="wwc-text-capitalize"
          >
            volunteer
          </td>
          <td
            class="wwc-text-capitalize"
          >
            invited
          </td>
          <td>
            <button
              class="invite-button"
              data-bs-target="#resendConfirmationDialog"
              data-bs-toggle="modal"
              data-bs-user="1"
              type="button"
            >
              Resend Invite
            </button>
          </td>
          <td>
            <button
              class="delete icon"
            />
          </td>
        </tr>
      </tbody>
    </table>
    <div
      class="modal"
      id="resendConfirmationDialog"
      role="dialog"
      tabindex="-1"
    >
      <div
        class="modal-dialog modal-dialog-centered"
      >
        <div
          class="modal-content"
        >
          <div
            class="modal-header font-weight-bold"
          >
            <header
              class="text-center"
            >
              <div
                class="modal-title-text"
              >
                Are you sure?
              </div>
            </header>
          </div>
          <div
            class="modal-body"
          >
            <div
              class="mb-5"
            >
              Are you sure you want to resend the registration link?
            </div>
            <div
              class="text-center"
            >
              <button
                class="btn btn cancel-btn dialog-button mr-3"
                data-bs-dismiss="modal"
              >
                Cancel
              </button>
              <button
                class="btn btn confirm-btn dialog-button submit-button"
                data-bs-dismiss="modal"
                type="submit"
              >
                Confirm
              </button>
            </div>
          </div>
        </div>
      </div>
    </div>
  </div>
</div>
`;
