// Jest Snapshot v1, https://goo.gl/fbAQLP

exports[`PendingMembers Component Validation Tests PendingMembers component is rendering 1`] = `
<div>
  <div
    class="pending-members-container"
  >
    <div
      class="d-flex justify-content-end mb-2 mb-md-5"
    >
      <button
        class="wwc-action-button"
        type="button"
      >
        + Add Member
      </button>
    </div>
    <table
      class="pending-members-table"
    >
      <thead>
        <tr>
          <th />
          <th>
            Email
          </th>
          <th>
            Role
          </th>
          <th>
            Status
          </th>
          <th>
            Resend Invite
          </th>
          <th>
            Actions
          </th>
        </tr>
      </thead>
      <tbody>
        <tr>
          <td>
            1
          </td>
          <td>
            abc@example.com
          </td>
          <td
            class="wwc-text-capitalize"
          >
            volunteer
          </td>
          <td
            class="wwc-text-capitalize"
          >
            invited
          </td>
          <td>
            <button
              class="invite-button"
              data-bs-target="#resendConfirmationDialog"
              data-bs-toggle="modal"
              type="button"
            >
              Resend Invite
            </button>
          </td>
          <td>
            <button
              class="delete icon"
              data-bs-target="#deletePendingMemberDialog"
              data-bs-toggle="modal"
              type="button"
            />
          </td>
        </tr>
      </tbody>
    </table>
  </div>
</div>
`;
